apply125L
apply126
apply126L
apply2
apply2L
apply3
apply4
apply5
apply5L
apply7
apply7L
663
1032896.
unclean local allocs: 0
